<!-- start platform: xbox -->
<one-fish></one-fish>
<two-fish></two-fish>
<!-- end platform: xbox -->
<!-- start platform: desktop --><!-- 6 nodes snipped by split-html --><!-- end platform: desktop -->
<not-a-fish></not-a-fish>
