<!-- platform: xbox -->
<a></a>
<!-- locale: not-en --><!-- 2 nodes snipped by split-html -->
<!-- locale: en -->
<c></c>
<!-- platform: not-desktop -->
<d></d>
