<!-- platform: xbox -->
<a></a>
<!-- platform: not-xbox --><!-- 2 nodes snipped by split-html -->
<!-- platform: desktop --><!-- 2 nodes snipped by split-html -->
<!-- platform: not-desktop -->
<d></d>
